// Jest Snapshot v1, https://goo.gl/fbAQLP

exports[`BaseBibleVerse.vue renders props.msg when passed 1`] = `
<div class=" px-6 my-20 mx-auto p-10 rounded-md 
  bg-gray-700 w-8/12 bg-opacity-30 shadow-md ">
  <header-stub></header-stub>
  <content-stub></content-stub>
  <div class="flex mt-5">
    <pagination-stub></pagination-stub>
    <option-stub></option-stub>
  </div>
</div>
`;

exports[`BaseBibleVerse.vue take snapshot 1`] = `
<div class=" px-6 my-20 mx-auto p-10 rounded-md 
  bg-gray-700 w-8/12 bg-opacity-30 shadow-md ">
  <header-stub></header-stub>
  <content-stub></content-stub>
  <div class="flex mt-5">
    <pagination-stub></pagination-stub>
    <option-stub></option-stub>
  </div>
</div>
`;
