// Jest Snapshot v1, https://goo.gl/fbAQLP

exports[`CurrentDate.vue take snapshot 1`] = `
<div>
  <h1 class="text-xxl text-gray-50 ">
    14:36
  </h1>
  <h4 class="text-gray-100">Thur Feb. 18th</h4>
</div>
`;
