// Jest Snapshot v1, https://goo.gl/fbAQLP

exports[`Setting should take snapshot 1`] = `
<div class="px-0 my-20 mx-auto w-8/12 text-right ">
  <h4 class="text-lg text-white">
    Setting
    <font-awesome-icon icon="fa,cog"></font-awesome-icon>
  </h4>
</div>
`;

exports[`Setting.vue should register font awesome icon 1`] = `
<div class="px-0 my-20 mx-auto w-8/12 text-right ">
  <h4 class="text-lg text-white">
    Setting
    <font-awesome-icon icon="fa,cog"></font-awesome-icon>
  </h4>
</div>
`;

exports[`Setting.vue should take snapshot 1`] = `
<div class="px-0 my-20 mx-auto w-8/12 text-right ">
  <h4 class="text-lg text-white">
    Setting
    <font-awesome-icon icon="fa,cog"></font-awesome-icon>
  </h4>
</div>
`;
